
> solana-launcher@0.1.0 build
> next build

  Γû▓ Next.js 14.2.16

   Creating an optimized production build ...
 Γ£ô Compiled successfully
   Linting and checking validity of types ...
   Collecting page data ...
   Generating static pages (0/15) ...
node.exe : bigint: Failed to load bindings, pure 
JS will be used (try npm run rebuild?)
At line:1 char:1
+ & "C:\Program Files\nodejs/node.exe" "C:\Program 
Files\nodejs/node_mo ...
+ ~~~~~~~~~~~~~~~~~~~~~~~~~~~~~~~~~~~~~~~~~~~~~~~~~
~~~~~~~~~~~~~~~~~~~~
    + CategoryInfo          : NotSpecified: (bigin 
   t: Failed ...m run rebuild?):String) [], Remot  
  eException
    + FullyQualifiedErrorId : NativeCommandError
 
   Generating static pages (3/15) 
   Generating static pages (7/15) 
bigint: Failed to load bindings, pure JS will be 
used (try npm run rebuild?)
   Generating static pages (11/15) 
 Γ£ô Generating static pages (15/15)
   Finalizing page optimization ...
   Collecting build traces ...

Route (app)                              Size     First Load JS
Γöî Γùï /                                    5.48 kB         192 kB
Γö£ Γùï /_not-found                          876 B          88.4 kB
Γö£ Γùï /admin                               6.79 kB         194 kB
Γö£ ╞Æ /api/metadata                        0 B                0 B
Γö£ ╞Æ /api/upload                          0 B                0 B
Γö£ Γùï /dashboard                           3.63 kB         196 kB
Γö£ Γùï /dashboard/burn                      3.02 kB         222 kB
Γö£ Γùï /dashboard/manage                    2.38 kB         195 kB
Γö£ ╞Æ /dashboard/manage/[mint]             9.11 kB         208 kB
Γö£ Γùï /launch                              12.1 kB         238 kB
Γö£ ╞Æ /liquidity                           7.61 kB         188 kB
Γö£ Γùï /privacy                             182 B          94.5 kB
Γö£ Γùï /risk-disclosure                     182 B          94.5 kB
Γöö Γùï /terms                               182 B          94.5 kB
+ First Load JS shared by all            87.5 kB
  Γö£ chunks/117-3acac8be1c6ad91e.js       31.8 kB
  Γö£ chunks/fd9d1056-d0506ff49a0a2a9b.js  53.6 kB
  Γöö other shared chunks (total)          2.11 kB


Γùï  (Static)   prerendered as static content
╞Æ  (Dynamic)  server-rendered on demand

